<?xml version="1.0" encoding="utf-8"?><testsuites name="pytest tests"><testsuite name="pytest" errors="0" failures="0" skipped="0" tests="0" time="0.530" timestamp="2026-06-16T21:18:17.035040+01:00" hostname="Jeys-MBP.lan" /></testsuites>
